> Task :checkKotlinGradlePluginConfigurationErrors SKIPPED
> Task :compileKotlin UP-TO-DATE
> Task :compileJava NO-SOURCE
> Task :processResources
> Task :classes
> Task :resolveMainClassName

> Task :bootRun

  .   ____          _            __ _ _
 /\\ / ___'_ __ _ _(_)_ __  __ _ \ \ \ \
( ( )\___ | '_ | '_| | '_ \/ _` | \ \ \ \
 \\/  ___)| |_)| | | | | || (_| |  ) ) ) )
  '  |____| .__|_| |_|_| |_\__, | / / / /
 =========|_|==============|___/=/_/_/_/

 :: Spring Boot ::                (v4.1.0)

2026-07-02T09:20:05.022+07:00  INFO 20496 --- [librarymanagement] [           main] c.m.l.LibrarymanagementApplicationKt     : Starting LibrarymanagementApplicationKt using Java 21.0.11 with PID 20496 (C:\Users\Lenovo\Downloads\librarymanagement\librarymanagement\build\classes\kotlin\main started by Lenovo in C:\Users\Lenovo\Downloads\librarymanagement\librarymanagement)
2026-07-02T09:20:05.028+07:00  INFO 20496 --- [librarymanagement] [           main] c.m.l.LibrarymanagementApplicationKt     : No active profile set, falling back to 1 default profile: "default"
2026-07-02T09:20:06.148+07:00  INFO 20496 --- [librarymanagement] [           main] .s.d.r.c.RepositoryConfigurationDelegate : Bootstrapping Spring Data JPA repositories in DEFAULT mode.
2026-07-02T09:20:06.233+07:00  INFO 20496 --- [librarymanagement] [           main] .s.d.r.c.RepositoryConfigurationDelegate : Finished Spring Data repository scanning in 70 ms. Found 1 JPA repository interface.
2026-07-02T09:20:06.984+07:00  INFO 20496 --- [librarymanagement] [           main] o.s.boot.tomcat.TomcatWebServer          : Tomcat initialized with port 8080 (http)
2026-07-02T09:20:07.017+07:00  INFO 20496 --- [librarymanagement] [           main] o.apache.catalina.core.StandardService   : Starting service [Tomcat]
2026-07-02T09:20:07.017+07:00  INFO 20496 --- [librarymanagement] [           main] o.apache.catalina.core.StandardEngine    : Starting Servlet engine: [Apache Tomcat/11.0.22]
2026-07-02T09:20:07.121+07:00  INFO 20496 --- [librarymanagement] [           main] b.w.c.s.WebApplicationContextInitializer : Root WebApplicationContext: initialization completed in 1986 ms
2026-07-02T09:20:07.443+07:00  INFO 20496 --- [librarymanagement] [           main] org.hibernate.orm.jpa                    : HHH008540: Processing PersistenceUnitInfo [name: default]
2026-07-02T09:20:07.561+07:00  INFO 20496 --- [librarymanagement] [           main] org.hibernate.orm.core                   : HHH000001: Hibernate ORM core version 7.4.1.Final
2026-07-02T09:20:08.470+07:00  INFO 20496 --- [librarymanagement] [           main] o.s.o.j.p.SpringPersistenceUnitInfo      : No LoadTimeWeaver setup: ignoring JPA class transformer
2026-07-02T09:20:08.532+07:00  INFO 20496 --- [librarymanagement] [           main] com.zaxxer.hikari.HikariDataSource       : HikariPool-1 - Starting...
2026-07-02T09:20:08.799+07:00  INFO 20496 --- [librarymanagement] [           main] com.zaxxer.hikari.pool.HikariPool        : HikariPool-1 - Added connection org.postgresql.jdbc.PgConnection@3fef1e6b
2026-07-02T09:20:08.803+07:00  INFO 20496 --- [librarymanagement] [           main] com.zaxxer.hikari.HikariDataSource       : HikariPool-1 - Start completed.
2026-07-02T09:20:08.851+07:00  WARN 20496 --- [librarymanagement] [           main] org.hibernate.orm.deprecation            : HHH90000025: PostgreSQLDialect does not need to be specified explicitly using 'hibernate.dialect' (remove the property setting and it will be selected by default)
2026-07-02T09:20:08.891+07:00  INFO 20496 --- [librarymanagement] [           main] org.hibernate.orm.connections.pooling    : HHH10001005: Database info:
	Database JDBC URL [jdbc:postgresql://localhost:5432/library]
	Database driver: PostgreSQL JDBC Driver
	Database dialect: PostgreSQLDialect
	Database version: 17.7
	Default catalog/schema: library/public
	Autocommit mode: undefined/unknown
	Isolation level: READ_COMMITTED [default READ_COMMITTED]
	JDBC fetch size: none
	Pool: DataSourceConnectionProvider
	Minimum pool size: undefined/unknown
	Maximum pool size: undefined/unknown
2026-07-02T09:20:10.395+07:00  INFO 20496 --- [librarymanagement] [           main] org.hibernate.orm.core                   : HHH000489: No JTA platform available (set 'hibernate.transaction.jta.platform' to enable JTA platform integration)
2026-07-02T09:20:10.496+07:00  INFO 20496 --- [librarymanagement] [           main] j.LocalContainerEntityManagerFactoryBean : Initialized JPA EntityManagerFactory for persistence unit 'default'
2026-07-02T09:20:11.143+07:00  INFO 20496 --- [librarymanagement] [           main] o.s.d.j.r.query.QueryEnhancerFactories   : Hibernate is in classpath; If applicable, HQL parser will be used.
2026-07-02T09:20:12.029+07:00  WARN 20496 --- [librarymanagement] [           main] JpaBaseConfiguration$JpaWebConfiguration : spring.jpa.open-in-view is enabled by default. Therefore, database queries may be performed during view rendering. Explicitly configure spring.jpa.open-in-view to disable this warning
2026-07-02T09:20:12.057+07:00  INFO 20496 --- [librarymanagement] [           main] o.s.b.w.a.WelcomePageHandlerMapping      : Adding welcome page: class path resource [static/index.html]
2026-07-02T09:20:12.546+07:00  WARN 20496 --- [librarymanagement] [           main] ConfigServletWebServerApplicationContext : Exception encountered during context initialization - cancelling refresh attempt: org.springframework.context.ApplicationContextException: Failed to start bean 'webServerStartStop'
2026-07-02T09:20:12.547+07:00  INFO 20496 --- [librarymanagement] [           main] j.LocalContainerEntityManagerFactoryBean : Closing JPA EntityManagerFactory for persistence unit 'default'
2026-07-02T09:20:12.552+07:00  INFO 20496 --- [librarymanagement] [           main] com.zaxxer.hikari.HikariDataSource       : HikariPool-1 - Shutdown initiated...
2026-07-02T09:20:12.561+07:00  INFO 20496 --- [librarymanagement] [           main] com.zaxxer.hikari.HikariDataSource       : HikariPool-1 - Shutdown completed.
2026-07-02T09:20:12.587+07:00  INFO 20496 --- [librarymanagement] [           main] .s.b.a.l.ConditionEvaluationReportLogger : 

Error starting ApplicationContext. To display the condition evaluation report re-run your application with 'debug' enabled.
2026-07-02T09:20:12.618+07:00 ERROR 20496 --- [librarymanagement] [           main] o.s.b.d.LoggingFailureAnalysisReporter   : 

***************************
APPLICATION FAILED TO START
***************************

Description:

Web server failed to start. Port 8080 was already in use.

Action:

Identify and stop the process that's listening on port 8080 or configure this application to listen on another port.


> Task :bootRun FAILED
4 actionable tasks: 3 executed, 1 up-to-date
